jackson-annotations-2.14.0.jar
jackson-core-2.14.0.jar
jackson-databind-2.14.0.jar
jackson-dataformat-yaml-2.13.2.jar
jackson-datatype-jsr310-2.13.2.jar
jackson-jaxrs-base-2.14.0.jar
jackson-jaxrs-json-provider-2.14.0.jar
jackson-module-jaxb-annotations-2.14.0.jar
failureaccess-1.0.1.jar
guava-31.1-jre.jar
json-path-2.7.0.jar
nimbus-jose-jwt-9.20.jar
xdocore-12.2.1.4.jar
xdoparser11g-11.1.0.7.0.jar
coherence-14.1.1-0-11.jar
ojdbc8-19.15.0.0.jar
ucp-19.15.0.0.jar
jakarta.activation-1.2.2.jar
jakarta.mail-1.6.7.jar
collection-setter-injector-1.0.jar
jaxb-impl-2.3.3.jar
saaj-impl-1.5.2.jar
streambuffer-1.5.9.jar
jaxws-rt-2.3.3.jar
policy-2.7.10.jar
servlet-2.3.3.jar
commons-beanutils-1.9.4.jar
commons-codec-1.15.jar
commons-io-2.11.0.jar
commons-logging-1.2-1b97e70.jar
classgraph-4.8.95.jar
helidon-common-configurable-2.5.0.jar
helidon-common-context-2.5.0.jar
helidon-common-http-2.5.0.jar
helidon-common-key-util-2.5.0.jar
helidon-common-mapper-2.5.0.jar
helidon-common-media-type-2.5.0.jar
helidon-common-reactive-2.5.0.jar
helidon-common-service-loader-2.5.0.jar
helidon-common-2.5.0.jar
helidon-config-yaml-2.5.0.jar
helidon-config-2.5.0.jar
helidon-logging-common-2.5.0.jar
helidon-logging-log4j-2.5.0.jar
helidon-media-common-2.5.0.jar
helidon-tracing-config-2.5.0.jar
helidon-webserver-jersey-2.5.0.jar
helidon-webserver-2.5.0.jar
netty-buffer-4.1.73.Final.jar
netty-codec-http-4.1.73.Final.jar
netty-codec-http2-4.1.73.Final.jar
netty-codec-4.1.73.Final.jar
netty-common-4.1.73.Final.jar
netty-handler-4.1.73.Final.jar
netty-resolver-4.1.73.Final.jar
netty-transport-4.1.73.Final.jar
opentracing-api-0.33.0.jar
opentracing-noop-0.33.0.jar
opentracing-util-0.33.0.jar
swagger-annotations-2.1.10.jar
swagger-core-2.1.10.jar
swagger-integration-2.1.10.jar
swagger-jaxrs2-2.1.10.jar
swagger-models-2.1.10.jar
jakarta.activation-api-1.2.2.jar
jakarta.annotation-api-1.3.5.jar
jakarta.jws-api-2.1.0.jar
jakarta.xml.bind-api-2.3.3.jar
jakarta.xml.soap-api-1.4.2.jar
jakarta.xml.ws-api-2.3.3.jar
javax.annotation-api-1.2.jar
javax.inject-1.jar
javax.servlet-api-3.1.0.jar
validation-api-2.0.1.Final.jar
javax.ws.rs-api-2.1.1.jar
dtv-cheetah.jar
config-objects.jar
config-service-discounts.jar
config-service-items.jar
config-service-prices.jar
config-service-taxes.jar
config-service-tenders.jar
config-service-token.jar
config-shared.jar
dtv-data2.jar
dtv-dtx-cleandto.jar
dtv-dtx-cleandtomapper.jar
dtv-dtx.jar
dtv-event.jar
dtv-i18n.jar
dtv-ipc.jar
dtv-jmxutil.jar
dtv-password.jar
dtv-pricing2.jar
dtv-service-discounts.jar
dtv-service-dist.jar
dtv-service-items.jar
dtv-service-launcher.jar
dtv-service-prices.jar
dtv-service-taxes.jar
dtv-service-tenders.jar
dtv-service-token.jar
dtv-service.jar
dtv-util-net.jar
dtv-util-sequence.jar
dtv-util.jar
dtv-version.jar
dtv-xstoregwt-util.jar
commons-collections4-4.4-83acfd3.jar
commons-configuration2-2.8.0.jar
commons-csv-1.9.0.jar
commons-lang3-3.12.0.jar
commons-text-1.10.0.jar
log4j-1.2-api-2.17.2.jar
log4j-core-2.17.2.jar
log4j-jcl-2.17.2.jar
log4j-jul-2.17.2.jar
log4j-slf4j-impl-2.17.2.jar
jetty-util-9.4.48.v20220622.jar
management-api-3.2.2.jar
gmbal-4.0.1.jar
ha-api-3.1.12.jar
hk2-api-2.5.0-b61.jar
hk2-locator-2.5.0-b61.jar
spring-bridge-2.5.0-b61.jar
utils-2.5.0-b61.jar
jersey-client-2.35.jar
jersey-common-2.35.jar
jersey-server-2.35.jar
jersey-entity-filtering-2.35.jar
jersey-spring5-2.35.jar
jersey-hk2-2.35.jar
jersey-media-jaxb-2.35.jar
jersey-media-json-jackson-2.35.jar
mimepull-1.9.13.jar
stax-ex-1.8.3.jar
slf4j-api-1.7.36.jar
spring-aop-5.3.23.jar
spring-beans-5.3.23.jar
spring-context-support-5.3.23.jar
spring-context-5.3.23.jar
spring-core-5.3.23.jar
spring-expression-5.3.23.jar
spring-web-5.3.23.jar
snakeyaml-1.29.jar
log4j-api-2.17.2.jar